
> roamie@0.1.0 build
> next build

Γû▓ Next.js 16.2.4 (Turbopack)
- Environments: .env.local

  Creating an optimized production build ...
Γ£ô Compiled successfully in 11.2s
  Running TypeScript ...
  Finished TypeScript in 13.5s ...
  Collecting page data using 7 workers ...
node.exe : Error: Neither apiKey nor config.authenticator provided
At line:1 char:1
+ & "C:\Program Files\nodejs/node.exe" "C:\Program Files\nodejs/node_mo ...
+ ~~~~~~~~~~~~~~~~~~~~~~~~~~~~~~~~~~~~~~~~~~~~~~~~~~~~~~~~~~~~~~~~~~~~~
    + CategoryInfo          : NotSpecified: (Error: Neither ...icator provided 
   :String) [], RemoteException
    + FullyQualifiedErrorId : NativeCommandError
 
    at tG._setAuthenticator (C:\Users\lenovo\roamie\.next\server\chunks\[root-o
f-the-server]__0_flsu9._.js:1:192118)
    at new tG (C:\Users\lenovo\roamie\.next\server\chunks\[root-of-the-server]_
_0_flsu9._.js:1:189452)
    at module evaluation (C:\Users\lenovo\roamie\.next\server\chunks\[root-of-t
he-server]__0_flsu9._.js:1:198163)
    at instantiateModule 
(C:\Users\lenovo\roamie\.next\server\chunks\[turbopack]_runtime.js:853:9)
    at instantiateRuntimeModule 
(C:\Users\lenovo\roamie\.next\server\chunks\[turbopack]_runtime.js:882:12)
    at getOrInstantiateRuntimeModule 
(C:\Users\lenovo\roamie\.next\server\chunks\[turbopack]_runtime.js:895:12)
    at Object.m 
(C:\Users\lenovo\roamie\.next\server\chunks\[turbopack]_runtime.js:898:18)
    at Object.<anonymous> 
(C:\Users\lenovo\roamie\.next\server\app\api\payments\process\route.js:9:3)

> Build error occurred
Error: Failed to collect page data for /api/payments/process
    at ignore-listed frames {
  type: 'Error'
}
